// Jest Snapshot v1, https://goo.gl/fbAQLP

exports[`Storyshots components/EditProfile Modal Dark 1`] = `
<RNCSafeAreaProvider
  onInsetsChange={[Function]}
  style={
    {
      "flex": 1,
    }
  }
/>
`;

exports[`Storyshots components/EditProfile Modal Light 1`] = `
<RNCSafeAreaProvider
  onInsetsChange={[Function]}
  style={
    {
      "flex": 1,
    }
  }
/>
`;

exports[`Storyshots components/EditProfile Name Empty Dark 1`] = `
<RNCSafeAreaProvider
  onInsetsChange={[Function]}
  style={
    {
      "flex": 1,
    }
  }
/>
`;

exports[`Storyshots components/EditProfile Name Empty Light 1`] = `
<RNCSafeAreaProvider
  onInsetsChange={[Function]}
  style={
    {
      "flex": 1,
    }
  }
/>
`;

exports[`Storyshots components/EditProfile Name Long Dark 1`] = `
<RNCSafeAreaProvider
  onInsetsChange={[Function]}
  style={
    {
      "flex": 1,
    }
  }
/>
`;

exports[`Storyshots components/EditProfile Name Long Light 1`] = `
<RNCSafeAreaProvider
  onInsetsChange={[Function]}
  style={
    {
      "flex": 1,
    }
  }
/>
`;

exports[`Storyshots components/EditProfile Name Short Dark 1`] = `
<RNCSafeAreaProvider
  onInsetsChange={[Function]}
  style={
    {
      "flex": 1,
    }
  }
/>
`;

exports[`Storyshots components/EditProfile Name Short Light 1`] = `
<RNCSafeAreaProvider
  onInsetsChange={[Function]}
  style={
    {
      "flex": 1,
    }
  }
/>
`;

exports[`Storyshots components/EditProfile Photo Dark 1`] = `
<RNCSafeAreaProvider
  onInsetsChange={[Function]}
  style={
    {
      "flex": 1,
    }
  }
/>
`;

exports[`Storyshots components/EditProfile Photo Light 1`] = `
<RNCSafeAreaProvider
  onInsetsChange={[Function]}
  style={
    {
      "flex": 1,
    }
  }
/>
`;

exports[`Storyshots components/PlayBar Name Long Dark 1`] = `
<RNCSafeAreaProvider
  onInsetsChange={[Function]}
  style={
    {
      "flex": 1,
    }
  }
/>
`;

exports[`Storyshots components/PlayBar Name Long Light 1`] = `
<RNCSafeAreaProvider
  onInsetsChange={[Function]}
  style={
    {
      "flex": 1,
    }
  }
/>
`;

exports[`Storyshots components/PlayBar Name Short Dark 1`] = `
<RNCSafeAreaProvider
  onInsetsChange={[Function]}
  style={
    {
      "flex": 1,
    }
  }
/>
`;

exports[`Storyshots components/PlayBar Name Short Light 1`] = `
<RNCSafeAreaProvider
  onInsetsChange={[Function]}
  style={
    {
      "flex": 1,
    }
  }
/>
`;

exports[`Storyshots components/PlayBar Playing Dark 1`] = `
<RNCSafeAreaProvider
  onInsetsChange={[Function]}
  style={
    {
      "flex": 1,
    }
  }
/>
`;

exports[`Storyshots components/PlayBar Playing Light 1`] = `
<RNCSafeAreaProvider
  onInsetsChange={[Function]}
  style={
    {
      "flex": 1,
    }
  }
/>
`;

exports[`Storyshots components/PlayBar Replay Dark 1`] = `
<RNCSafeAreaProvider
  onInsetsChange={[Function]}
  style={
    {
      "flex": 1,
    }
  }
/>
`;

exports[`Storyshots components/PlayBar Replay Light 1`] = `
<RNCSafeAreaProvider
  onInsetsChange={[Function]}
  style={
    {
      "flex": 1,
    }
  }
/>
`;

exports[`Storyshots components/Profile Name Empty Dark 1`] = `
<RNCSafeAreaProvider
  onInsetsChange={[Function]}
  style={
    {
      "flex": 1,
    }
  }
/>
`;

exports[`Storyshots components/Profile Name Empty Light 1`] = `
<RNCSafeAreaProvider
  onInsetsChange={[Function]}
  style={
    {
      "flex": 1,
    }
  }
/>
`;

exports[`Storyshots components/Profile Name Long Dark 1`] = `
<RNCSafeAreaProvider
  onInsetsChange={[Function]}
  style={
    {
      "flex": 1,
    }
  }
/>
`;

exports[`Storyshots components/Profile Name Long Light 1`] = `
<RNCSafeAreaProvider
  onInsetsChange={[Function]}
  style={
    {
      "flex": 1,
    }
  }
/>
`;

exports[`Storyshots components/Profile Name Short Dark 1`] = `
<RNCSafeAreaProvider
  onInsetsChange={[Function]}
  style={
    {
      "flex": 1,
    }
  }
/>
`;

exports[`Storyshots components/Profile Name Short Light 1`] = `
<RNCSafeAreaProvider
  onInsetsChange={[Function]}
  style={
    {
      "flex": 1,
    }
  }
/>
`;

exports[`Storyshots components/Profile Photo Dark 1`] = `
<RNCSafeAreaProvider
  onInsetsChange={[Function]}
  style={
    {
      "flex": 1,
    }
  }
/>
`;

exports[`Storyshots components/Profile Photo Light 1`] = `
<RNCSafeAreaProvider
  onInsetsChange={[Function]}
  style={
    {
      "flex": 1,
    }
  }
/>
`;

exports[`Storyshots components/Settings Default Dark 1`] = `
<RNCSafeAreaProvider
  onInsetsChange={[Function]}
  style={
    {
      "flex": 1,
    }
  }
/>
`;

exports[`Storyshots components/Settings Default Light 1`] = `
<RNCSafeAreaProvider
  onInsetsChange={[Function]}
  style={
    {
      "flex": 1,
    }
  }
/>
`;

exports[`Storyshots components/SongDetails Name Long Dark 1`] = `
<RNCSafeAreaProvider
  onInsetsChange={[Function]}
  style={
    {
      "flex": 1,
    }
  }
/>
`;

exports[`Storyshots components/SongDetails Name Long Light 1`] = `
<RNCSafeAreaProvider
  onInsetsChange={[Function]}
  style={
    {
      "flex": 1,
    }
  }
/>
`;

exports[`Storyshots components/SongDetails Name Short Dark 1`] = `
<RNCSafeAreaProvider
  onInsetsChange={[Function]}
  style={
    {
      "flex": 1,
    }
  }
/>
`;

exports[`Storyshots components/SongDetails Name Short Light 1`] = `
<RNCSafeAreaProvider
  onInsetsChange={[Function]}
  style={
    {
      "flex": 1,
    }
  }
/>
`;

exports[`Storyshots components/SongDetails Playing Dark 1`] = `
<RNCSafeAreaProvider
  onInsetsChange={[Function]}
  style={
    {
      "flex": 1,
    }
  }
/>
`;

exports[`Storyshots components/SongDetails Playing Light 1`] = `
<RNCSafeAreaProvider
  onInsetsChange={[Function]}
  style={
    {
      "flex": 1,
    }
  }
/>
`;

exports[`Storyshots components/SongDetails Replay Dark 1`] = `
<RNCSafeAreaProvider
  onInsetsChange={[Function]}
  style={
    {
      "flex": 1,
    }
  }
/>
`;

exports[`Storyshots components/SongDetails Replay Light 1`] = `
<RNCSafeAreaProvider
  onInsetsChange={[Function]}
  style={
    {
      "flex": 1,
    }
  }
/>
`;

exports[`Storyshots components/SongsList Empty Dark 1`] = `
<RNCSafeAreaProvider
  onInsetsChange={[Function]}
  style={
    {
      "flex": 1,
    }
  }
/>
`;

exports[`Storyshots components/SongsList Empty Light 1`] = `
<RNCSafeAreaProvider
  onInsetsChange={[Function]}
  style={
    {
      "flex": 1,
    }
  }
/>
`;

exports[`Storyshots components/SongsList Selected Dark 1`] = `
<RNCSafeAreaProvider
  onInsetsChange={[Function]}
  style={
    {
      "flex": 1,
    }
  }
/>
`;

exports[`Storyshots components/SongsList Selected Light 1`] = `
<RNCSafeAreaProvider
  onInsetsChange={[Function]}
  style={
    {
      "flex": 1,
    }
  }
/>
`;

exports[`Storyshots components/SongsList Some Dark 1`] = `
<RNCSafeAreaProvider
  onInsetsChange={[Function]}
  style={
    {
      "flex": 1,
    }
  }
/>
`;

exports[`Storyshots components/SongsList Some Light 1`] = `
<RNCSafeAreaProvider
  onInsetsChange={[Function]}
  style={
    {
      "flex": 1,
    }
  }
/>
`;
